  Determining projects to restore...
C:\Users\wwwat\Downloads\InventoryManagementSystem-main\InventoryManagementSystem-main\src\InventoryManagement.Application\InventoryManagement.Application.csproj : warning NU1903: Package 'AutoMapper' 13.0.1 has a known high severity vulnerability, https://github.com/advisories/GHSA-rvv3-g6hj-g44x [C:\Users\wwwat\Downloads\InventoryManagementSystem-main\InventoryManagementSystem-main\InventoryManagement.sln]
  All projects are up-to-date for restore.
C:\Users\wwwat\Downloads\InventoryManagementSystem-main\InventoryManagementSystem-main\src\InventoryManagement.Application\InventoryManagement.Application.csproj : warning NU1903: Package 'AutoMapper' 13.0.1 has a known high severity vulnerability, https://github.com/advisories/GHSA-rvv3-g6hj-g44x
  InventoryManagement.Shared -> C:\Users\wwwat\Downloads\InventoryManagementSystem-main\InventoryManagementSystem-main\src\InventoryManagement.Shared\bin\Debug\net8.0\InventoryManagement.Shared.dll
  InventoryManagement.Domain -> C:\Users\wwwat\Downloads\InventoryManagementSystem-main\InventoryManagementSystem-main\src\InventoryManagement.Domain\bin\Debug\net8.0\InventoryManagement.Domain.dll
  InventoryManagement.Application -> C:\Users\wwwat\Downloads\InventoryManagementSystem-main\InventoryManagementSystem-main\src\InventoryManagement.Application\bin\Debug\net8.0\InventoryManagement.Application.dll
  InventoryManagement.Infrastructure -> C:\Users\wwwat\Downloads\InventoryManagementSystem-main\InventoryManagementSystem-main\src\InventoryManagement.Infrastructure\bin\Debug\net8.0\InventoryManagement.Infrastructure.dll
C:\Users\wwwat\Downloads\InventoryManagementSystem-main\InventoryManagementSystem-main\tests\InventoryManagement.UnitTests\Application\Features\Products\CreateProductCommandHandlerTests.cs(37,10): error CS0246: The type or namespace name 'FactAttribute' could not be found (are you missing a using directive or an assembly reference?) [C:\Users\wwwat\Downloads\InventoryManagementSystem-main\InventoryManagementSystem-main\tests\InventoryManagement.UnitTests\InventoryManagement.UnitTests.csproj]
C:\Users\wwwat\Downloads\InventoryManagementSystem-main\InventoryManagementSystem-main\tests\InventoryManagement.UnitTests\Application\Features\Products\CreateProductCommandHandlerTests.cs(37,10): error CS0246: The type or namespace name 'Fact' could not be found (are you missing a using directive or an assembly reference?) [C:\Users\wwwat\Downloads\InventoryManagementSystem-main\InventoryManagementSystem-main\tests\InventoryManagement.UnitTests\InventoryManagement.UnitTests.csproj]
C:\Users\wwwat\Downloads\InventoryManagementSystem-main\InventoryManagementSystem-main\tests\InventoryManagement.UnitTests\Application\Features\Inventory\StockInCommandHandlerTests.cs(34,10): error CS0246: The type or namespace name 'FactAttribute' could not be found (are you missing a using directive or an assembly reference?) [C:\Users\wwwat\Downloads\InventoryManagementSystem-main\InventoryManagementSystem-main\tests\InventoryManagement.UnitTests\InventoryManagement.UnitTests.csproj]
C:\Users\wwwat\Downloads\InventoryManagementSystem-main\InventoryManagementSystem-main\tests\InventoryManagement.UnitTests\Application\Features\Inventory\StockInCommandHandlerTests.cs(34,10): error CS0246: The type or namespace name 'Fact' could not be found (are you missing a using directive or an assembly reference?) [C:\Users\wwwat\Downloads\InventoryManagementSystem-main\InventoryManagementSystem-main\tests\InventoryManagement.UnitTests\InventoryManagement.UnitTests.csproj]
C:\Users\wwwat\Downloads\InventoryManagementSystem-main\InventoryManagementSystem-main\tests\InventoryManagement.UnitTests\Application\Features\Products\CreateProductCommandHandlerTests.cs(58,10): error CS0246: The type or namespace name 'FactAttribute' could not be found (are you missing a using directive or an assembly reference?) [C:\Users\wwwat\Downloads\InventoryManagementSystem-main\InventoryManagementSystem-main\tests\InventoryManagement.UnitTests\InventoryManagement.UnitTests.csproj]
C:\Users\wwwat\Downloads\InventoryManagementSystem-main\InventoryManagementSystem-main\tests\InventoryManagement.UnitTests\Application\Features\Products\CreateProductCommandHandlerTests.cs(58,10): error CS0246: The type or namespace name 'Fact' could not be found (are you missing a using directive or an assembly reference?) [C:\Users\wwwat\Downloads\InventoryManagementSystem-main\InventoryManagementSystem-main\tests\InventoryManagement.UnitTests\InventoryManagement.UnitTests.csproj]
C:\Users\wwwat\Downloads\InventoryManagementSystem-main\InventoryManagementSystem-main\tests\InventoryManagement.UnitTests\Application\Features\Inventory\StockInCommandHandlerTests.cs(50,10): error CS0246: The type or namespace name 'FactAttribute' could not be found (are you missing a using directive or an assembly reference?) [C:\Users\wwwat\Downloads\InventoryManagementSystem-main\InventoryManagementSystem-main\tests\InventoryManagement.UnitTests\InventoryManagement.UnitTests.csproj]
C:\Users\wwwat\Downloads\InventoryManagementSystem-main\InventoryManagementSystem-main\tests\InventoryManagement.UnitTests\Application\Features\Inventory\StockInCommandHandlerTests.cs(50,10): error CS0246: The type or namespace name 'Fact' could not be found (are you missing a using directive or an assembly reference?) [C:\Users\wwwat\Downloads\InventoryManagementSystem-main\InventoryManagementSystem-main\tests\InventoryManagement.UnitTests\InventoryManagement.UnitTests.csproj]
C:\Users\wwwat\Downloads\InventoryManagementSystem-main\InventoryManagementSystem-main\tests\InventoryManagement.UnitTests\Application\Features\Inventory\StockInCommandHandlerTests.cs(73,10): error CS0246: The type or namespace name 'FactAttribute' could not be found (are you missing a using directive or an assembly reference?) [C:\Users\wwwat\Downloads\InventoryManagementSystem-main\InventoryManagementSystem-main\tests\InventoryManagement.UnitTests\InventoryManagement.UnitTests.csproj]
C:\Users\wwwat\Downloads\InventoryManagementSystem-main\InventoryManagementSystem-main\tests\InventoryManagement.UnitTests\Application\Features\Inventory\StockInCommandHandlerTests.cs(73,10): error CS0246: The type or namespace name 'Fact' could not be found (are you missing a using directive or an assembly reference?) [C:\Users\wwwat\Downloads\InventoryManagementSystem-main\InventoryManagementSystem-main\tests\InventoryManagement.UnitTests\InventoryManagement.UnitTests.csproj]
C:\Users\wwwat\Downloads\InventoryManagementSystem-main\InventoryManagementSystem-main\src\InventoryManagement.API\Controllers\BaseApiController.cs(12,11): warning CS1570: XML comment has badly formed XML -- 'End tag 'summary' does not match the start tag 'T'.' [C:\Users\wwwat\Downloads\InventoryManagementSystem-main\InventoryManagementSystem-main\src\InventoryManagement.API\InventoryManagement.API.csproj]
C:\Users\wwwat\Downloads\InventoryManagementSystem-main\InventoryManagementSystem-main\src\InventoryManagement.API\Controllers\BaseApiController.cs(13,1): warning CS1570: XML comment has badly formed XML -- 'Expected an end tag for element 'summary'.' [C:\Users\wwwat\Downloads\InventoryManagementSystem-main\InventoryManagementSystem-main\src\InventoryManagement.API\InventoryManagement.API.csproj]
C:\Users\wwwat\Downloads\InventoryManagementSystem-main\InventoryManagementSystem-main\src\InventoryManagement.API\Controllers\BaseApiController.cs(21,77): warning CS1570: XML comment has badly formed XML -- 'End tag 'summary' does not match the start tag 'T'.' [C:\Users\wwwat\Downloads\InventoryManagementSystem-main\InventoryManagementSystem-main\src\InventoryManagement.API\InventoryManagement.API.csproj]
C:\Users\wwwat\Downloads\InventoryManagementSystem-main\InventoryManagementSystem-main\src\InventoryManagement.API\Controllers\BaseApiController.cs(22,1): warning CS1570: XML comment has badly formed XML -- 'Expected an end tag for element 'summary'.' [C:\Users\wwwat\Downloads\InventoryManagementSystem-main\InventoryManagementSystem-main\src\InventoryManagement.API\InventoryManagement.API.csproj]
C:\Users\wwwat\Downloads\InventoryManagementSystem-main\InventoryManagementSystem-main\src\InventoryManagement.API\Controllers\BaseApiController.cs(33,79): warning CS1570: XML comment has badly formed XML -- 'End tag 'summary' does not match the start tag 'T'.' [C:\Users\wwwat\Downloads\InventoryManagementSystem-main\InventoryManagementSystem-main\src\InventoryManagement.API\InventoryManagement.API.csproj]
C:\Users\wwwat\Downloads\InventoryManagementSystem-main\InventoryManagementSystem-main\src\InventoryManagement.API\Controllers\BaseApiController.cs(34,1): warning CS1570: XML comment has badly formed XML -- 'Expected an end tag for element 'summary'.' [C:\Users\wwwat\Downloads\InventoryManagementSystem-main\InventoryManagementSystem-main\src\InventoryManagement.API\InventoryManagement.API.csproj]
C:\Users\wwwat\Downloads\InventoryManagementSystem-main\InventoryManagementSystem-main\src\InventoryManagement.API\Program.cs(61,42): error CS0117: 'Constants.Policies' does not contain a definition for 'AdminOnly' [C:\Users\wwwat\Downloads\InventoryManagementSystem-main\InventoryManagementSystem-main\src\InventoryManagement.API\InventoryManagement.API.csproj]
C:\Users\wwwat\Downloads\InventoryManagementSystem-main\InventoryManagementSystem-main\src\InventoryManagement.API\Program.cs(84,46): error CS0117: 'Constants.CorsPolicies' does not contain a definition for 'AllowSpecificOrigins' [C:\Users\wwwat\Downloads\InventoryManagementSystem-main\InventoryManagementSystem-main\src\InventoryManagement.API\InventoryManagement.API.csproj]
C:\Users\wwwat\Downloads\InventoryManagementSystem-main\InventoryManagementSystem-main\src\InventoryManagement.API\Program.cs(106,36): error CS0117: 'Constants.CorsPolicies' does not contain a definition for 'AllowSpecificOrigins' [C:\Users\wwwat\Downloads\InventoryManagementSystem-main\InventoryManagementSystem-main\src\InventoryManagement.API\InventoryManagement.API.csproj]

Build FAILED.

C:\Users\wwwat\Downloads\InventoryManagementSystem-main\InventoryManagementSystem-main\src\InventoryManagement.Application\InventoryManagement.Application.csproj : warning NU1903: Package 'AutoMapper' 13.0.1 has a known high severity vulnerability, https://github.com/advisories/GHSA-rvv3-g6hj-g44x [C:\Users\wwwat\Downloads\InventoryManagementSystem-main\InventoryManagementSystem-main\InventoryManagement.sln]
C:\Users\wwwat\Downloads\InventoryManagementSystem-main\InventoryManagementSystem-main\src\InventoryManagement.Application\InventoryManagement.Application.csproj : warning NU1903: Package 'AutoMapper' 13.0.1 has a known high severity vulnerability, https://github.com/advisories/GHSA-rvv3-g6hj-g44x
C:\Users\wwwat\Downloads\InventoryManagementSystem-main\InventoryManagementSystem-main\src\InventoryManagement.API\Controllers\BaseApiController.cs(12,11): warning CS1570: XML comment has badly formed XML -- 'End tag 'summary' does not match the start tag 'T'.' [C:\Users\wwwat\Downloads\InventoryManagementSystem-main\InventoryManagementSystem-main\src\InventoryManagement.API\InventoryManagement.API.csproj]
C:\Users\wwwat\Downloads\InventoryManagementSystem-main\InventoryManagementSystem-main\src\InventoryManagement.API\Controllers\BaseApiController.cs(13,1): warning CS1570: XML comment has badly formed XML -- 'Expected an end tag for element 'summary'.' [C:\Users\wwwat\Downloads\InventoryManagementSystem-main\InventoryManagementSystem-main\src\InventoryManagement.API\InventoryManagement.API.csproj]
C:\Users\wwwat\Downloads\InventoryManagementSystem-main\InventoryManagementSystem-main\src\InventoryManagement.API\Controllers\BaseApiController.cs(21,77): warning CS1570: XML comment has badly formed XML -- 'End tag 'summary' does not match the start tag 'T'.' [C:\Users\wwwat\Downloads\InventoryManagementSystem-main\InventoryManagementSystem-main\src\InventoryManagement.API\InventoryManagement.API.csproj]
C:\Users\wwwat\Downloads\InventoryManagementSystem-main\InventoryManagementSystem-main\src\InventoryManagement.API\Controllers\BaseApiController.cs(22,1): warning CS1570: XML comment has badly formed XML -- 'Expected an end tag for element 'summary'.' [C:\Users\wwwat\Downloads\InventoryManagementSystem-main\InventoryManagementSystem-main\src\InventoryManagement.API\InventoryManagement.API.csproj]
C:\Users\wwwat\Downloads\InventoryManagementSystem-main\InventoryManagementSystem-main\src\InventoryManagement.API\Controllers\BaseApiController.cs(33,79): warning CS1570: XML comment has badly formed XML -- 'End tag 'summary' does not match the start tag 'T'.' [C:\Users\wwwat\Downloads\InventoryManagementSystem-main\InventoryManagementSystem-main\src\InventoryManagement.API\InventoryManagement.API.csproj]
C:\Users\wwwat\Downloads\InventoryManagementSystem-main\InventoryManagementSystem-main\src\InventoryManagement.API\Controllers\BaseApiController.cs(34,1): warning CS1570: XML comment has badly formed XML -- 'Expected an end tag for element 'summary'.' [C:\Users\wwwat\Downloads\InventoryManagementSystem-main\InventoryManagementSystem-main\src\InventoryManagement.API\InventoryManagement.API.csproj]
C:\Users\wwwat\Downloads\InventoryManagementSystem-main\InventoryManagementSystem-main\tests\InventoryManagement.UnitTests\Application\Features\Products\CreateProductCommandHandlerTests.cs(37,10): error CS0246: The type or namespace name 'FactAttribute' could not be found (are you missing a using directive or an assembly reference?) [C:\Users\wwwat\Downloads\InventoryManagementSystem-main\InventoryManagementSystem-main\tests\InventoryManagement.UnitTests\InventoryManagement.UnitTests.csproj]
C:\Users\wwwat\Downloads\InventoryManagementSystem-main\InventoryManagementSystem-main\tests\InventoryManagement.UnitTests\Application\Features\Products\CreateProductCommandHandlerTests.cs(37,10): error CS0246: The type or namespace name 'Fact' could not be found (are you missing a using directive or an assembly reference?) [C:\Users\wwwat\Downloads\InventoryManagementSystem-main\InventoryManagementSystem-main\tests\InventoryManagement.UnitTests\InventoryManagement.UnitTests.csproj]
C:\Users\wwwat\Downloads\InventoryManagementSystem-main\InventoryManagementSystem-main\tests\InventoryManagement.UnitTests\Application\Features\Inventory\StockInCommandHandlerTests.cs(34,10): error CS0246: The type or namespace name 'FactAttribute' could not be found (are you missing a using directive or an assembly reference?) [C:\Users\wwwat\Downloads\InventoryManagementSystem-main\InventoryManagementSystem-main\tests\InventoryManagement.UnitTests\InventoryManagement.UnitTests.csproj]
C:\Users\wwwat\Downloads\InventoryManagementSystem-main\InventoryManagementSystem-main\tests\InventoryManagement.UnitTests\Application\Features\Inventory\StockInCommandHandlerTests.cs(34,10): error CS0246: The type or namespace name 'Fact' could not be found (are you missing a using directive or an assembly reference?) [C:\Users\wwwat\Downloads\InventoryManagementSystem-main\InventoryManagementSystem-main\tests\InventoryManagement.UnitTests\InventoryManagement.UnitTests.csproj]
C:\Users\wwwat\Downloads\InventoryManagementSystem-main\InventoryManagementSystem-main\tests\InventoryManagement.UnitTests\Application\Features\Products\CreateProductCommandHandlerTests.cs(58,10): error CS0246: The type or namespace name 'FactAttribute' could not be found (are you missing a using directive or an assembly reference?) [C:\Users\wwwat\Downloads\InventoryManagementSystem-main\InventoryManagementSystem-main\tests\InventoryManagement.UnitTests\InventoryManagement.UnitTests.csproj]
C:\Users\wwwat\Downloads\InventoryManagementSystem-main\InventoryManagementSystem-main\tests\InventoryManagement.UnitTests\Application\Features\Products\CreateProductCommandHandlerTests.cs(58,10): error CS0246: The type or namespace name 'Fact' could not be found (are you missing a using directive or an assembly reference?) [C:\Users\wwwat\Downloads\InventoryManagementSystem-main\InventoryManagementSystem-main\tests\InventoryManagement.UnitTests\InventoryManagement.UnitTests.csproj]
C:\Users\wwwat\Downloads\InventoryManagementSystem-main\InventoryManagementSystem-main\tests\InventoryManagement.UnitTests\Application\Features\Inventory\StockInCommandHandlerTests.cs(50,10): error CS0246: The type or namespace name 'FactAttribute' could not be found (are you missing a using directive or an assembly reference?) [C:\Users\wwwat\Downloads\InventoryManagementSystem-main\InventoryManagementSystem-main\tests\InventoryManagement.UnitTests\InventoryManagement.UnitTests.csproj]
C:\Users\wwwat\Downloads\InventoryManagementSystem-main\InventoryManagementSystem-main\tests\InventoryManagement.UnitTests\Application\Features\Inventory\StockInCommandHandlerTests.cs(50,10): error CS0246: The type or namespace name 'Fact' could not be found (are you missing a using directive or an assembly reference?) [C:\Users\wwwat\Downloads\InventoryManagementSystem-main\InventoryManagementSystem-main\tests\InventoryManagement.UnitTests\InventoryManagement.UnitTests.csproj]
C:\Users\wwwat\Downloads\InventoryManagementSystem-main\InventoryManagementSystem-main\tests\InventoryManagement.UnitTests\Application\Features\Inventory\StockInCommandHandlerTests.cs(73,10): error CS0246: The type or namespace name 'FactAttribute' could not be found (are you missing a using directive or an assembly reference?) [C:\Users\wwwat\Downloads\InventoryManagementSystem-main\InventoryManagementSystem-main\tests\InventoryManagement.UnitTests\InventoryManagement.UnitTests.csproj]
C:\Users\wwwat\Downloads\InventoryManagementSystem-main\InventoryManagementSystem-main\tests\InventoryManagement.UnitTests\Application\Features\Inventory\StockInCommandHandlerTests.cs(73,10): error CS0246: The type or namespace name 'Fact' could not be found (are you missing a using directive or an assembly reference?) [C:\Users\wwwat\Downloads\InventoryManagementSystem-main\InventoryManagementSystem-main\tests\InventoryManagement.UnitTests\InventoryManagement.UnitTests.csproj]
C:\Users\wwwat\Downloads\InventoryManagementSystem-main\InventoryManagementSystem-main\src\InventoryManagement.API\Program.cs(61,42): error CS0117: 'Constants.Policies' does not contain a definition for 'AdminOnly' [C:\Users\wwwat\Downloads\InventoryManagementSystem-main\InventoryManagementSystem-main\src\InventoryManagement.API\InventoryManagement.API.csproj]
C:\Users\wwwat\Downloads\InventoryManagementSystem-main\InventoryManagementSystem-main\src\InventoryManagement.API\Program.cs(84,46): error CS0117: 'Constants.CorsPolicies' does not contain a definition for 'AllowSpecificOrigins' [C:\Users\wwwat\Downloads\InventoryManagementSystem-main\InventoryManagementSystem-main\src\InventoryManagement.API\InventoryManagement.API.csproj]
C:\Users\wwwat\Downloads\InventoryManagementSystem-main\InventoryManagementSystem-main\src\InventoryManagement.API\Program.cs(106,36): error CS0117: 'Constants.CorsPolicies' does not contain a definition for 'AllowSpecificOrigins' [C:\Users\wwwat\Downloads\InventoryManagementSystem-main\InventoryManagementSystem-main\src\InventoryManagement.API\InventoryManagement.API.csproj]
    8 Warning(s)
    13 Error(s)

Time Elapsed 00:00:02.40
