  Determining projects to restore...
C:\Users\wwwat\Downloads\InventoryManagementSystem-main\InventoryManagementSystem-main\src\InventoryManagement.Application\InventoryManagement.Application.csproj : warning NU1903: Package 'AutoMapper' 13.0.1 has a known high severity vulnerability, https://github.com/advisories/GHSA-rvv3-g6hj-g44x [C:\Users\wwwat\Downloads\InventoryManagementSystem-main\InventoryManagementSystem-main\InventoryManagement.sln]
  All projects are up-to-date for restore.
C:\Users\wwwat\Downloads\InventoryManagementSystem-main\InventoryManagementSystem-main\src\InventoryManagement.Application\InventoryManagement.Application.csproj : warning NU1903: Package 'AutoMapper' 13.0.1 has a known high severity vulnerability, https://github.com/advisories/GHSA-rvv3-g6hj-g44x
  InventoryManagement.Domain -> C:\Users\wwwat\Downloads\InventoryManagementSystem-main\InventoryManagementSystem-main\src\InventoryManagement.Domain\bin\Debug\net8.0\InventoryManagement.Domain.dll
  InventoryManagement.Shared -> C:\Users\wwwat\Downloads\InventoryManagementSystem-main\InventoryManagementSystem-main\src\InventoryManagement.Shared\bin\Debug\net8.0\InventoryManagement.Shared.dll
  InventoryManagement.Application -> C:\Users\wwwat\Downloads\InventoryManagementSystem-main\InventoryManagementSystem-main\src\InventoryManagement.Application\bin\Debug\net8.0\InventoryManagement.Application.dll
  InventoryManagement.Infrastructure -> C:\Users\wwwat\Downloads\InventoryManagementSystem-main\InventoryManagementSystem-main\src\InventoryManagement.Infrastructure\bin\Debug\net8.0\InventoryManagement.Infrastructure.dll
  InventoryManagement.UnitTests -> C:\Users\wwwat\Downloads\InventoryManagementSystem-main\InventoryManagementSystem-main\tests\InventoryManagement.UnitTests\bin\Debug\net8.0\InventoryManagement.UnitTests.dll
Test run for C:\Users\wwwat\Downloads\InventoryManagementSystem-main\InventoryManagementSystem-main\tests\InventoryManagement.UnitTests\bin\Debug\net8.0\InventoryManagement.UnitTests.dll (.NETCoreApp,Version=v8.0)
  InventoryManagement.API -> C:\Users\wwwat\Downloads\InventoryManagementSystem-main\InventoryManagementSystem-main\src\InventoryManagement.API\bin\Debug\net8.0\InventoryManagement.API.dll
VSTest version 17.11.1 (x64)

Starting test execution, please wait...
A total of 1 test files matched the specified pattern.
  InventoryManagement.IntegrationTests -> C:\Users\wwwat\Downloads\InventoryManagementSystem-main\InventoryManagementSystem-main\tests\InventoryManagement.IntegrationTests\bin\Debug\net8.0\InventoryManagement.IntegrationTests.dll
Test run for C:\Users\wwwat\Downloads\InventoryManagementSystem-main\InventoryManagementSystem-main\tests\InventoryManagement.IntegrationTests\bin\Debug\net8.0\InventoryManagement.IntegrationTests.dll (.NETCoreApp,Version=v8.0)
VSTest version 17.11.1 (x64)

Starting test execution, please wait...
A total of 1 test files matched the specified pattern.
  Failed InventoryManagement.UnitTests.Application.Features.Inventory.StockInCommandHandlerTests.StockIn_ExistingStockLevel_UpdatesQuantity [141 ms]
  Error Message:
   System.NullReferenceException : Object reference not set to an instance of an object.
  Stack Trace:
     at InventoryManagement.Application.Features.Inventory.Commands.StockInCommandHandler.Handle(StockInCommand request, CancellationToken cancellationToken) in C:\Users\wwwat\Downloads\InventoryManagementSystem-main\InventoryManagementSystem-main\src\InventoryManagement.Application\Features\Inventory\Commands\InventoryCommandHandlers.cs:line 74
   at InventoryManagement.UnitTests.Application.Features.Inventory.StockInCommandHandlerTests.StockIn_ExistingStockLevel_UpdatesQuantity() in C:\Users\wwwat\Downloads\InventoryManagementSystem-main\InventoryManagementSystem-main\tests\InventoryManagement.UnitTests\Application\Features\Inventory\StockInCommandHandlerTests.cs:line 86
--- End of stack trace from previous location ---
  Failed InventoryManagement.UnitTests.Application.Features.Inventory.StockInCommandHandlerTests.StockIn_NewStockLevel_CreatesStockLevelAndTransaction [6 ms]
  Error Message:
   System.NullReferenceException : Object reference not set to an instance of an object.
  Stack Trace:
     at InventoryManagement.Application.Features.Inventory.Commands.StockInCommandHandler.Handle(StockInCommand request, CancellationToken cancellationToken) in C:\Users\wwwat\Downloads\InventoryManagementSystem-main\InventoryManagementSystem-main\src\InventoryManagement.Application\Features\Inventory\Commands\InventoryCommandHandlers.cs:line 74
   at InventoryManagement.UnitTests.Application.Features.Inventory.StockInCommandHandlerTests.StockIn_NewStockLevel_CreatesStockLevelAndTransaction() in C:\Users\wwwat\Downloads\InventoryManagementSystem-main\InventoryManagementSystem-main\tests\InventoryManagement.UnitTests\Application\Features\Inventory\StockInCommandHandlerTests.cs:line 62
--- End of stack trace from previous location ---

Failed!  - Failed:     2, Passed:     3, Skipped:     0, Total:     5, Duration: 19 ms - InventoryManagement.UnitTests.dll (net8.0)
  Failed InventoryManagement.IntegrationTests.Controllers.ProductsControllerTests.GetAll_WithAdminToken_ReturnsPaginatedProducts [267 ms]
  Error Message:
   System.Net.Http.HttpRequestException : Response status code does not indicate success: 500 (Internal Server Error).
  Stack Trace:
     at System.Net.Http.HttpResponseMessage.EnsureSuccessStatusCode()
   at InventoryManagement.IntegrationTests.Controllers.ProductsControllerTests.GetAdminTokenAsync() in C:\Users\wwwat\Downloads\InventoryManagementSystem-main\InventoryManagementSystem-main\tests\InventoryManagement.IntegrationTests\Controllers\ProductsControllerTests.cs:line 28
   at InventoryManagement.IntegrationTests.Controllers.ProductsControllerTests.GetAll_WithAdminToken_ReturnsPaginatedProducts() in C:\Users\wwwat\Downloads\InventoryManagementSystem-main\InventoryManagementSystem-main\tests\InventoryManagement.IntegrationTests\Controllers\ProductsControllerTests.cs:line 45
--- End of stack trace from previous location ---
  Failed InventoryManagement.IntegrationTests.Controllers.ProductsControllerTests.CreateProduct_ValidData_ReturnsCreatedProduct [56 ms]
  Error Message:
   System.Net.Http.HttpRequestException : Response status code does not indicate success: 500 (Internal Server Error).
  Stack Trace:
     at System.Net.Http.HttpResponseMessage.EnsureSuccessStatusCode()
   at InventoryManagement.IntegrationTests.Controllers.ProductsControllerTests.GetAdminTokenAsync() in C:\Users\wwwat\Downloads\InventoryManagementSystem-main\InventoryManagementSystem-main\tests\InventoryManagement.IntegrationTests\Controllers\ProductsControllerTests.cs:line 28
   at InventoryManagement.IntegrationTests.Controllers.ProductsControllerTests.CreateProduct_ValidData_ReturnsCreatedProduct() in C:\Users\wwwat\Downloads\InventoryManagementSystem-main\InventoryManagementSystem-main\tests\InventoryManagement.IntegrationTests\Controllers\ProductsControllerTests.cs:line 63
--- End of stack trace from previous location ---

Failed!  - Failed:     2, Passed:     1, Skipped:     0, Total:     3, Duration: 331 ms - InventoryManagement.IntegrationTests.dll (net8.0)
